// Jest Snapshot v1, https://goo.gl/fbAQLP

exports[`Homepage Should matches snapshot 1`] = `
<div>
  <div>
    Loading image....
  </div>
</div>
`;
